../Core/Src/main.c:83:16:platform_write	48	static
../Core/Src/main.c:89:16:platform_read	48	static
../Core/Src/main.c:95:5:_write	24	static
../Core/Src/main.c:108:5:main	120	static
../Core/Src/main.c:197:6:SystemClock_Config	96	static
../Core/Src/main.c:243:13:MX_I2C1_Init	8	static
../Core/Src/main.c:291:13:MX_USART2_UART_Init	8	static
../Core/Src/main.c:326:13:MX_GPIO_Init	56	static
../Core/Src/main.c:383:6:StartDefaultTask	16	static
../Core/Src/main.c:401:6:StartVisualTask	32	static
../Core/Src/main.c:436:6:StartAcceleroTask	40	static
../Core/Src/main.c:498:6:HAL_TIM_PeriodElapsedCallback	16	static
../Core/Src/main.c:516:6:Error_Handler	8	static,ignoring_inline_asm
