../Core/Src/main.c:103:5:main	8	static
../Core/Src/main.c:179:6:SystemClock_Config	88	static
../Core/Src/main.c:225:13:MX_RNG_Init	8	static
../Core/Src/main.c:239:13:MX_SPI3_Init	8	static
../Core/Src/main.c:264:13:MX_TIM2_Init	32	static
../Core/Src/main.c:297:13:MX_USART3_UART_Init	8	static
../Core/Src/main.c:318:13:MX_GPIO_Init	56	static
../Core/Src/main.c:440:10:get_precision_tick	4	static
../Core/Src/main.c:444:6:precision_sleep_until	16	static
../Core/Src/main.c:450:9:random_int	24	static
../Core/Src/main.c:456:6:HAL_GPIO_EXTI_Callback	16	static
../Core/Src/main.c:472:6:Error_Handler	4	static,ignoring_inline_asm
